[INFO] Scanning for projects...
[INFO] 
[INFO] ----------------< com.smartcampus:smart-campus-hub-api >----------------
[INFO] Building Smart Campus Operations Hub API 1.0.0
[INFO]   from pom.xml
[INFO] --------------------------------[ jar ]---------------------------------
[INFO] 
[INFO] --- resources:3.3.1:resources (default-resources) @ smart-campus-hub-api ---
[INFO] Copying 1 resource from src\main\resources to target\classes
[INFO] Copying 1 resource from src\main\resources to target\classes
[INFO] 
[INFO] --- compiler:3.11.0:compile (default-compile) @ smart-campus-hub-api ---
[INFO] Changes detected - recompiling the module! :source
[INFO] Compiling 54 source files with javac [debug release 17] to target\classes
[INFO] /D:/projects/paf with commit/Smartspace/backend/src/main/java/com/smartcampus/util/JwtTokenProvider.java: Some input files use or override a deprecated API.
[INFO] /D:/projects/paf with commit/Smartspace/backend/src/main/java/com/smartcampus/util/JwtTokenProvider.java: Recompile with -Xlint:deprecation for details.
[INFO] -------------------------------------------------------------
[WARNING] COMPILATION WARNING : 
[INFO] -------------------------------------------------------------
[WARNING] /D:/projects/paf with commit/Smartspace/backend/src/main/java/com/smartcampus/security/SecurityConfig.java:[49,17] cors() in org.springframework.security.config.annotation.web.builders.HttpSecurity has been deprecated and marked for removal
[WARNING] /D:/projects/paf with commit/Smartspace/backend/src/main/java/com/smartcampus/security/SecurityConfig.java:[50,17] and() in org.springframework.security.config.annotation.SecurityConfigurerAdapter has been deprecated and marked for removal
[WARNING] /D:/projects/paf with commit/Smartspace/backend/src/main/java/com/smartcampus/security/SecurityConfig.java:[51,17] csrf() in org.springframework.security.config.annotation.web.builders.HttpSecurity has been deprecated and marked for removal
[WARNING] /D:/projects/paf with commit/Smartspace/backend/src/main/java/com/smartcampus/security/SecurityConfig.java:[52,17] exceptionHandling() in org.springframework.security.config.annotation.web.builders.HttpSecurity has been deprecated and marked for removal
[WARNING] /D:/projects/paf with commit/Smartspace/backend/src/main/java/com/smartcampus/security/SecurityConfig.java:[54,17] and() in org.springframework.security.config.annotation.SecurityConfigurerAdapter has been deprecated and marked for removal
[WARNING] /D:/projects/paf with commit/Smartspace/backend/src/main/java/com/smartcampus/security/SecurityConfig.java:[55,17] sessionManagement() in org.springframework.security.config.annotation.web.builders.HttpSecurity has been deprecated and marked for removal
[WARNING] /D:/projects/paf with commit/Smartspace/backend/src/main/java/com/smartcampus/security/SecurityConfig.java:[57,17] and() in org.springframework.security.config.annotation.SecurityConfigurerAdapter has been deprecated and marked for removal
[WARNING] /D:/projects/paf with commit/Smartspace/backend/src/main/java/com/smartcampus/security/SecurityConfig.java:[58,17] authorizeHttpRequests() in org.springframework.security.config.annotation.web.builders.HttpSecurity has been deprecated and marked for removal
[WARNING] /D:/projects/paf with commit/Smartspace/backend/src/main/java/com/smartcampus/security/SecurityConfig.java:[65,17] and() in org.springframework.security.config.annotation.web.configurers.AuthorizeHttpRequestsConfigurer.AuthorizationManagerRequestMatcherRegistry has been deprecated and marked for removal
[WARNING] /D:/projects/paf with commit/Smartspace/backend/src/main/java/com/smartcampus/security/SecurityConfig.java:[66,17] oauth2Login() in org.springframework.security.config.annotation.web.builders.HttpSecurity has been deprecated and marked for removal
[INFO] 10 warnings 
[INFO] -------------------------------------------------------------
[INFO] -------------------------------------------------------------
[ERROR] COMPILATION ERROR : 
[INFO] -------------------------------------------------------------
[ERROR] /D:/projects/paf with commit/Smartspace/backend/src/main/java/com/smartcampus/controller/TicketController.java:[245,31] cannot find symbol
  symbol:   method getUserId()
  location: variable commentDTO of type com.smartcampus.dto.CommentDTO
[ERROR] /D:/projects/paf with commit/Smartspace/backend/src/main/java/com/smartcampus/controller/TicketController.java:[246,31] cannot find symbol
  symbol:   method getUserName()
  location: variable commentDTO of type com.smartcampus.dto.CommentDTO
[ERROR] /D:/projects/paf with commit/Smartspace/backend/src/main/java/com/smartcampus/controller/TicketController.java:[247,31] cannot find symbol
  symbol:   method getUserEmail()
  location: variable commentDTO of type com.smartcampus.dto.CommentDTO
[ERROR] /D:/projects/paf with commit/Smartspace/backend/src/main/java/com/smartcampus/controller/TicketController.java:[248,31] cannot find symbol
  symbol:   method getContent()
  location: variable commentDTO of type com.smartcampus.dto.CommentDTO
[ERROR] /D:/projects/paf with commit/Smartspace/backend/src/main/java/com/smartcampus/controller/TicketController.java:[249,31] cannot find symbol
  symbol:   method getStaffComment()
  location: variable commentDTO of type com.smartcampus.dto.CommentDTO
[ERROR] /D:/projects/paf with commit/Smartspace/backend/src/main/java/com/smartcampus/controller/TicketController.java:[324,23] cannot find symbol
  symbol:   method getAttachmentIds()
  location: variable ticket of type com.smartcampus.model.Ticket
[ERROR] /D:/projects/paf with commit/Smartspace/backend/src/main/java/com/smartcampus/controller/TicketController.java:[324,60] cannot find symbol
  symbol:   method getAttachmentIds()
  location: variable ticket of type com.smartcampus.model.Ticket
[ERROR] /D:/projects/paf with commit/Smartspace/backend/src/main/java/com/smartcampus/controller/TicketController.java:[333,55] cannot find symbol
  symbol:   method getId()
  location: variable attachment of type com.smartcampus.model.TicketAttachment
[ERROR] /D:/projects/paf with commit/Smartspace/backend/src/main/java/com/smartcampus/service/TicketService.java:[87,15] cannot find symbol
  symbol:   method setStatus(com.smartcampus.model.TicketStatus)
  location: variable ticket of type com.smartcampus.model.Ticket
[ERROR] /D:/projects/paf with commit/Smartspace/backend/src/main/java/com/smartcampus/service/TicketService.java:[88,15] cannot find symbol
  symbol:   method setLastResponseAt(java.time.LocalDateTime)
  location: variable ticket of type com.smartcampus.model.Ticket
[ERROR] /D:/projects/paf with commit/Smartspace/backend/src/main/java/com/smartcampus/service/TicketService.java:[98,26] cannot find symbol
  symbol:   method getTitle()
  location: variable ticketDetails of type com.smartcampus.model.Ticket
[ERROR] /D:/projects/paf with commit/Smartspace/backend/src/main/java/com/smartcampus/service/TicketService.java:[98,76] cannot find symbol
  symbol:   method getTitle()
  location: variable ticketDetails of type com.smartcampus.model.Ticket
[ERROR] /D:/projects/paf with commit/Smartspace/backend/src/main/java/com/smartcampus/service/TicketService.java:[99,26] cannot find symbol
  symbol:   method getDescription()
  location: variable ticketDetails of type com.smartcampus.model.Ticket
[ERROR] /D:/projects/paf with commit/Smartspace/backend/src/main/java/com/smartcampus/service/TicketService.java:[99,88] cannot find symbol
  symbol:   method getDescription()
  location: variable ticketDetails of type com.smartcampus.model.Ticket
[ERROR] /D:/projects/paf with commit/Smartspace/backend/src/main/java/com/smartcampus/service/TicketService.java:[100,26] cannot find symbol
  symbol:   method getCategory()
  location: variable ticketDetails of type com.smartcampus.model.Ticket
[ERROR] /D:/projects/paf with commit/Smartspace/backend/src/main/java/com/smartcampus/service/TicketService.java:[100,82] cannot find symbol
  symbol:   method getCategory()
  location: variable ticketDetails of type com.smartcampus.model.Ticket
[ERROR] /D:/projects/paf with commit/Smartspace/backend/src/main/java/com/smartcampus/service/TicketService.java:[101,26] cannot find symbol
  symbol:   method getPriority()
  location: variable ticketDetails of type com.smartcampus.model.Ticket
[ERROR] /D:/projects/paf with commit/Smartspace/backend/src/main/java/com/smartcampus/service/TicketService.java:[101,82] cannot find symbol
  symbol:   method getPriority()
  location: variable ticketDetails of type com.smartcampus.model.Ticket
[ERROR] /D:/projects/paf with commit/Smartspace/backend/src/main/java/com/smartcampus/service/TicketService.java:[102,26] cannot find symbol
  symbol:   method getLocation()
  location: variable ticketDetails of type com.smartcampus.model.Ticket
[ERROR] /D:/projects/paf with commit/Smartspace/backend/src/main/java/com/smartcampus/service/TicketService.java:[102,82] cannot find symbol
  symbol:   method getLocation()
  location: variable ticketDetails of type com.smartcampus.model.Ticket
[ERROR] /D:/projects/paf with commit/Smartspace/backend/src/main/java/com/smartcampus/service/TicketService.java:[113,15] cannot find symbol
  symbol:   method setAssignedTo(java.lang.String)
  location: variable ticket of type com.smartcampus.model.Ticket
[ERROR] /D:/projects/paf with commit/Smartspace/backend/src/main/java/com/smartcampus/service/TicketService.java:[114,15] cannot find symbol
  symbol:   method setStatus(com.smartcampus.model.TicketStatus)
  location: variable ticket of type com.smartcampus.model.Ticket
[ERROR] /D:/projects/paf with commit/Smartspace/backend/src/main/java/com/smartcampus/service/TicketService.java:[115,15] cannot find symbol
  symbol:   method setLastResponseAt(java.time.LocalDateTime)
  location: variable ticket of type com.smartcampus.model.Ticket
[ERROR] /D:/projects/paf with commit/Smartspace/backend/src/main/java/com/smartcampus/service/TicketService.java:[122,23] cannot find symbol
  symbol:   method getCreatedBy()
  location: variable ticket of type com.smartcampus.model.Ticket
[ERROR] /D:/projects/paf with commit/Smartspace/backend/src/main/java/com/smartcampus/service/TicketService.java:[123,23] cannot find symbol
  symbol:   method getId()
  location: variable ticket of type com.smartcampus.model.Ticket
[ERROR] /D:/projects/paf with commit/Smartspace/backend/src/main/java/com/smartcampus/service/TicketService.java:[138,15] cannot find symbol
  symbol:   method setStatus(com.smartcampus.model.TicketStatus)
  location: variable ticket of type com.smartcampus.model.Ticket
[ERROR] /D:/projects/paf with commit/Smartspace/backend/src/main/java/com/smartcampus/service/TicketService.java:[141,19] cannot find symbol
  symbol:   method setResolutionNotes(java.lang.String)
  location: variable ticket of type com.smartcampus.model.Ticket
[ERROR] /D:/projects/paf with commit/Smartspace/backend/src/main/java/com/smartcampus/service/TicketService.java:[142,19] cannot find symbol
  symbol:   method setResolvedDate(java.time.LocalDateTime)
  location: variable ticket of type com.smartcampus.model.Ticket
[ERROR] /D:/projects/paf with commit/Smartspace/backend/src/main/java/com/smartcampus/service/TicketService.java:[145,15] cannot find symbol
  symbol:   method setLastResponseAt(java.time.LocalDateTime)
  location: variable ticket of type com.smartcampus.model.Ticket
[ERROR] /D:/projects/paf with commit/Smartspace/backend/src/main/java/com/smartcampus/service/TicketService.java:[151,23] cannot find symbol
  symbol:   method getCreatedBy()
  location: variable ticket of type com.smartcampus.model.Ticket
[ERROR] /D:/projects/paf with commit/Smartspace/backend/src/main/java/com/smartcampus/service/TicketService.java:[152,23] cannot find symbol
  symbol:   method getId()
  location: variable ticket of type com.smartcampus.model.Ticket
[ERROR] /D:/projects/paf with commit/Smartspace/backend/src/main/java/com/smartcampus/service/TicketService.java:[167,15] cannot find symbol
  symbol:   method setStatus(com.smartcampus.model.TicketStatus)
  location: variable ticket of type com.smartcampus.model.Ticket
[ERROR] /D:/projects/paf with commit/Smartspace/backend/src/main/java/com/smartcampus/service/TicketService.java:[168,15] cannot find symbol
  symbol:   method setRejectionReason(java.lang.String)
  location: variable ticket of type com.smartcampus.model.Ticket
[ERROR] /D:/projects/paf with commit/Smartspace/backend/src/main/java/com/smartcampus/service/TicketService.java:[178,15] cannot find symbol
  symbol:   method setStatus(com.smartcampus.model.TicketStatus)
  location: variable ticket of type com.smartcampus.model.Ticket
[ERROR] /D:/projects/paf with commit/Smartspace/backend/src/main/java/com/smartcampus/service/TicketService.java:[189,46] cannot find symbol
  symbol:   method builder()
  location: class com.smartcampus.model.TicketComment
[ERROR] /D:/projects/paf with commit/Smartspace/backend/src/main/java/com/smartcampus/service/TicketService.java:[202,19] cannot find symbol
  symbol:   method getCommentIds()
  location: variable ticket of type com.smartcampus.model.Ticket
[ERROR] /D:/projects/paf with commit/Smartspace/backend/src/main/java/com/smartcampus/service/TicketService.java:[203,19] cannot find symbol
  symbol:   method setCommentIds(java.util.ArrayList<java.lang.Object>)
  location: variable ticket of type com.smartcampus.model.Ticket
[ERROR] /D:/projects/paf with commit/Smartspace/backend/src/main/java/com/smartcampus/service/TicketService.java:[205,15] cannot find symbol
  symbol:   method getCommentIds()
  location: variable ticket of type com.smartcampus.model.Ticket
[ERROR] /D:/projects/paf with commit/Smartspace/backend/src/main/java/com/smartcampus/service/TicketService.java:[205,48] cannot find symbol
  symbol:   method getId()
  location: variable savedComment of type com.smartcampus.model.TicketComment
[ERROR] /D:/projects/paf with commit/Smartspace/backend/src/main/java/com/smartcampus/service/TicketService.java:[206,15] cannot find symbol
  symbol:   method setLastResponseAt(java.time.LocalDateTime)
  location: variable ticket of type com.smartcampus.model.Ticket
[ERROR] /D:/projects/paf with commit/Smartspace/backend/src/main/java/com/smartcampus/service/TicketService.java:[211,34] cannot find symbol
  symbol:   method getCreatedBy()
  location: variable ticket of type com.smartcampus.model.Ticket
[ERROR] /D:/projects/paf with commit/Smartspace/backend/src/main/java/com/smartcampus/service/TicketService.java:[213,27] cannot find symbol
  symbol:   method getCreatedBy()
  location: variable ticket of type com.smartcampus.model.Ticket
[ERROR] /D:/projects/paf with commit/Smartspace/backend/src/main/java/com/smartcampus/service/TicketService.java:[214,27] cannot find symbol
  symbol:   method getId()
  location: variable ticket of type com.smartcampus.model.Ticket
[ERROR] /D:/projects/paf with commit/Smartspace/backend/src/main/java/com/smartcampus/service/TicketService.java:[238,19] cannot find symbol
  symbol:   method getAttachmentIds()
  location: variable ticket of type com.smartcampus.model.Ticket
[ERROR] /D:/projects/paf with commit/Smartspace/backend/src/main/java/com/smartcampus/service/TicketService.java:[239,19] cannot find symbol
  symbol:   method setAttachmentIds(java.util.ArrayList<java.lang.Object>)
  location: variable ticket of type com.smartcampus.model.Ticket
[ERROR] /D:/projects/paf with commit/Smartspace/backend/src/main/java/com/smartcampus/service/TicketService.java:[241,15] cannot find symbol
  symbol:   method getAttachmentIds()
  location: variable ticket of type com.smartcampus.model.Ticket
[ERROR] /D:/projects/paf with commit/Smartspace/backend/src/main/java/com/smartcampus/service/TicketService.java:[242,15] cannot find symbol
  symbol:   method setLastResponseAt(java.time.LocalDateTime)
  location: variable ticket of type com.smartcampus.model.Ticket
[ERROR] /D:/projects/paf with commit/Smartspace/backend/src/main/java/com/smartcampus/service/TicketService.java:[254,19] cannot find symbol
  symbol:   method getAttachmentIds()
  location: variable ticket of type com.smartcampus.model.Ticket
[ERROR] /D:/projects/paf with commit/Smartspace/backend/src/main/java/com/smartcampus/service/TicketService.java:[255,19] cannot find symbol
  symbol:   method getAttachmentIds()
  location: variable ticket of type com.smartcampus.model.Ticket
[ERROR] /D:/projects/paf with commit/Smartspace/backend/src/main/java/com/smartcampus/service/TicketService.java:[256,19] cannot find symbol
  symbol:   method setLastResponseAt(java.time.LocalDateTime)
  location: variable ticket of type com.smartcampus.model.Ticket
[ERROR] /D:/projects/paf with commit/Smartspace/backend/src/main/java/com/smartcampus/service/FileUploadService.java:[56,5] cannot find symbol
  symbol:   variable log
  location: class com.smartcampus.service.FileUploadService
[ERROR] /D:/projects/paf with commit/Smartspace/backend/src/main/java/com/smartcampus/service/FileUploadService.java:[60,15] cannot find symbol
  symbol:   method setTicketId(java.lang.String)
  location: variable attachment of type com.smartcampus.model.TicketAttachment
[ERROR] /D:/projects/paf with commit/Smartspace/backend/src/main/java/com/smartcampus/service/FileUploadService.java:[61,15] cannot find symbol
  symbol:   method setFileName(java.lang.String)
  location: variable attachment of type com.smartcampus.model.TicketAttachment
[ERROR] /D:/projects/paf with commit/Smartspace/backend/src/main/java/com/smartcampus/service/FileUploadService.java:[62,15] cannot find symbol
  symbol:   method setFileUrl(java.lang.String)
  location: variable attachment of type com.smartcampus.model.TicketAttachment
[ERROR] /D:/projects/paf with commit/Smartspace/backend/src/main/java/com/smartcampus/service/FileUploadService.java:[63,15] cannot find symbol
  symbol:   method setFileType(java.lang.String)
  location: variable attachment of type com.smartcampus.model.TicketAttachment
[ERROR] /D:/projects/paf with commit/Smartspace/backend/src/main/java/com/smartcampus/service/FileUploadService.java:[64,15] cannot find symbol
  symbol:   method setFileSize(long)
  location: variable attachment of type com.smartcampus.model.TicketAttachment
[ERROR] /D:/projects/paf with commit/Smartspace/backend/src/main/java/com/smartcampus/service/FileUploadService.java:[65,15] cannot find symbol
  symbol:   method setUploadedBy(java.lang.String)
  location: variable attachment of type com.smartcampus.model.TicketAttachment
[ERROR] /D:/projects/paf with commit/Smartspace/backend/src/main/java/com/smartcampus/service/FileUploadService.java:[66,15] cannot find symbol
  symbol:   method setCreatedAt(java.time.LocalDateTime)
  location: variable attachment of type com.smartcampus.model.TicketAttachment
[ERROR] /D:/projects/paf with commit/Smartspace/backend/src/main/java/com/smartcampus/service/FileUploadService.java:[79,67] cannot find symbol
  symbol:   method getFileUrl()
  location: variable attachment of type com.smartcampus.model.TicketAttachment
[ERROR] /D:/projects/paf with commit/Smartspace/backend/src/main/java/com/smartcampus/service/FileUploadService.java:[79,33] cannot find symbol
  symbol:   method getFileUrl()
  location: variable attachment of type com.smartcampus.model.TicketAttachment
[ERROR] /D:/projects/paf with commit/Smartspace/backend/src/main/java/com/smartcampus/service/FileUploadService.java:[85,7] cannot find symbol
  symbol:   variable log
  location: class com.smartcampus.service.FileUploadService
[ERROR] /D:/projects/paf with commit/Smartspace/backend/src/main/java/com/smartcampus/service/NotificationService.java:[45,49] cannot find symbol
  symbol:   method builder()
  location: class com.smartcampus.model.Notification
[ERROR] /D:/projects/paf with commit/Smartspace/backend/src/main/java/com/smartcampus/service/NotificationService.java:[64,21] cannot find symbol
  symbol:   method setIsRead(boolean)
  location: variable notification of type com.smartcampus.model.Notification
[ERROR] /D:/projects/paf with commit/Smartspace/backend/src/main/java/com/smartcampus/service/NotificationService.java:[65,21] cannot find symbol
  symbol:   method setReadAt(java.time.LocalDateTime)
  location: variable notification of type com.smartcampus.model.Notification
[ERROR] /D:/projects/paf with commit/Smartspace/backend/src/main/java/com/smartcampus/service/NotificationService.java:[75,25] cannot find symbol
  symbol:   method setIsRead(boolean)
  location: variable notification of type com.smartcampus.model.Notification
[ERROR] /D:/projects/paf with commit/Smartspace/backend/src/main/java/com/smartcampus/service/NotificationService.java:[76,25] cannot find symbol
  symbol:   method setReadAt(java.time.LocalDateTime)
  location: variable notification of type com.smartcampus.model.Notification
[ERROR] /D:/projects/paf with commit/Smartspace/backend/src/main/java/com/smartcampus/controller/AuthController.java:[48,41] cannot find symbol
  symbol:   method getEmail()
  location: variable loginRequest of type com.smartcampus.dto.LoginRequest
[ERROR] /D:/projects/paf with commit/Smartspace/backend/src/main/java/com/smartcampus/controller/AuthController.java:[49,41] cannot find symbol
  symbol:   method getPassword()
  location: variable loginRequest of type com.smartcampus.dto.LoginRequest
[ERROR] /D:/projects/paf with commit/Smartspace/backend/src/main/java/com/smartcampus/controller/AuthController.java:[53,71] cannot find symbol
  symbol:   method getEmail()
  location: variable loginRequest of type com.smartcampus.dto.LoginRequest
[ERROR] /D:/projects/paf with commit/Smartspace/backend/src/main/java/com/smartcampus/controller/AuthController.java:[60,42] constructor LoginResponse in class com.smartcampus.dto.LoginResponse cannot be applied to given types;
  required: no arguments
  found:    java.lang.String,java.lang.String,java.lang.String
  reason: actual and formal argument lists differ in length
[ERROR] /D:/projects/paf with commit/Smartspace/backend/src/main/java/com/smartcampus/controller/AuthController.java:[83,42] constructor LoginResponse in class com.smartcampus.dto.LoginResponse cannot be applied to given types;
  required: no arguments
  found:    java.lang.String,java.lang.String,java.lang.String
  reason: actual and formal argument lists differ in length
[ERROR] /D:/projects/paf with commit/Smartspace/backend/src/main/java/com/smartcampus/controller/AuthController.java:[147,42] constructor LoginResponse in class com.smartcampus.dto.LoginResponse cannot be applied to given types;
  required: no arguments
  found:    java.lang.String,java.lang.String,java.lang.String
  reason: actual and formal argument lists differ in length
[ERROR] /D:/projects/paf with commit/Smartspace/backend/src/main/java/com/smartcampus/service/ResourceService.java:[68,21] cannot find symbol
  symbol:   method getStatus()
  location: variable resource of type com.smartcampus.model.Resource
[ERROR] /D:/projects/paf with commit/Smartspace/backend/src/main/java/com/smartcampus/service/ResourceService.java:[69,21] cannot find symbol
  symbol:   method setStatus(com.smartcampus.model.ResourceStatus)
  location: variable resource of type com.smartcampus.model.Resource
[ERROR] /D:/projects/paf with commit/Smartspace/backend/src/main/java/com/smartcampus/service/ResourceService.java:[80,28] cannot find symbol
  symbol:   method getName()
  location: variable resourceDetails of type com.smartcampus.model.Resource
[ERROR] /D:/projects/paf with commit/Smartspace/backend/src/main/java/com/smartcampus/service/ResourceService.java:[80,80] cannot find symbol
  symbol:   method getName()
  location: variable resourceDetails of type com.smartcampus.model.Resource
[ERROR] /D:/projects/paf with commit/Smartspace/backend/src/main/java/com/smartcampus/service/ResourceService.java:[81,28] cannot find symbol
  symbol:   method getDescription()
  location: variable resourceDetails of type com.smartcampus.model.Resource
[ERROR] /D:/projects/paf with commit/Smartspace/backend/src/main/java/com/smartcampus/service/ResourceService.java:[81,94] cannot find symbol
  symbol:   method getDescription()
  location: variable resourceDetails of type com.smartcampus.model.Resource
[ERROR] /D:/projects/paf with commit/Smartspace/backend/src/main/java/com/smartcampus/service/ResourceService.java:[82,28] cannot find symbol
  symbol:   method getType()
  location: variable resourceDetails of type com.smartcampus.model.Resource
[ERROR] /D:/projects/paf with commit/Smartspace/backend/src/main/java/com/smartcampus/service/ResourceService.java:[82,80] cannot find symbol
  symbol:   method getType()
  location: variable resourceDetails of type com.smartcampus.model.Resource
[ERROR] /D:/projects/paf with commit/Smartspace/backend/src/main/java/com/smartcampus/service/ResourceService.java:[83,28] cannot find symbol
  symbol:   method getCapacity()
  location: variable resourceDetails of type com.smartcampus.model.Resource
[ERROR] /D:/projects/paf with commit/Smartspace/backend/src/main/java/com/smartcampus/service/ResourceService.java:[83,84] cannot find symbol
  symbol:   method getCapacity()
  location: variable resourceDetails of type com.smartcampus.model.Resource
[ERROR] /D:/projects/paf with commit/Smartspace/backend/src/main/java/com/smartcampus/service/ResourceService.java:[84,28] cannot find symbol
  symbol:   method getLocation()
  location: variable resourceDetails of type com.smartcampus.model.Resource
[ERROR] /D:/projects/paf with commit/Smartspace/backend/src/main/java/com/smartcampus/service/ResourceService.java:[84,88] cannot find symbol
  symbol:   method getLocation()
  location: variable resourceDetails of type com.smartcampus.model.Resource
[ERROR] /D:/projects/paf with commit/Smartspace/backend/src/main/java/com/smartcampus/service/ResourceService.java:[85,28] cannot find symbol
  symbol:   method getStatus()
  location: variable resourceDetails of type com.smartcampus.model.Resource
[ERROR] /D:/projects/paf with commit/Smartspace/backend/src/main/java/com/smartcampus/service/ResourceService.java:[85,84] cannot find symbol
  symbol:   method getStatus()
  location: variable resourceDetails of type com.smartcampus.model.Resource
[ERROR] /D:/projects/paf with commit/Smartspace/backend/src/main/java/com/smartcampus/service/ResourceService.java:[86,28] cannot find symbol
  symbol:   method getImageUrl()
  location: variable resourceDetails of type com.smartcampus.model.Resource
[ERROR] /D:/projects/paf with commit/Smartspace/backend/src/main/java/com/smartcampus/service/ResourceService.java:[86,88] cannot find symbol
  symbol:   method getImageUrl()
  location: variable resourceDetails of type com.smartcampus.model.Resource
[ERROR] /D:/projects/paf with commit/Smartspace/backend/src/main/java/com/smartcampus/service/ResourceService.java:[87,28] cannot find symbol
  symbol:   method getContactPerson()
  location: variable resourceDetails of type com.smartcampus.model.Resource
[ERROR] /D:/projects/paf with commit/Smartspace/backend/src/main/java/com/smartcampus/service/ResourceService.java:[87,98] cannot find symbol
  symbol:   method getContactPerson()
  location: variable resourceDetails of type com.smartcampus.model.Resource
[ERROR] /D:/projects/paf with commit/Smartspace/backend/src/main/java/com/smartcampus/service/ResourceService.java:[88,28] cannot find symbol
  symbol:   method getPhoneNumber()
  location: variable resourceDetails of type com.smartcampus.model.Resource
[ERROR] /D:/projects/paf with commit/Smartspace/backend/src/main/java/com/smartcampus/service/ResourceService.java:[88,94] cannot find symbol
  symbol:   method getPhoneNumber()
  location: variable resourceDetails of type com.smartcampus.model.Resource
[ERROR] /D:/projects/paf with commit/Smartspace/backend/src/main/java/com/smartcampus/service/ResourceService.java:[89,28] cannot find symbol
  symbol:   method getEmail()
  location: variable resourceDetails of type com.smartcampus.model.Resource
[ERROR] /D:/projects/paf with commit/Smartspace/backend/src/main/java/com/smartcampus/service/ResourceService.java:[89,82] cannot find symbol
  symbol:   method getEmail()
  location: variable resourceDetails of type com.smartcampus.model.Resource
[ERROR] /D:/projects/paf with commit/Smartspace/backend/src/main/java/com/smartcampus/service/ResourceService.java:[110,17] cannot find symbol
  symbol:   method setStatus(com.smartcampus.model.ResourceStatus)
  location: variable resource of type com.smartcampus.model.Resource
[ERROR] /D:/projects/paf with commit/Smartspace/backend/src/main/java/com/smartcampus/service/BookingService.java:[70,52] cannot find symbol
  symbol:   method getId()
  location: variable booking of type com.smartcampus.model.Booking
[ERROR] /D:/projects/paf with commit/Smartspace/backend/src/main/java/com/smartcampus/service/BookingService.java:[74,43] cannot find symbol
  symbol:   method getEndTime()
  location: variable booking of type com.smartcampus.model.Booking
[ERROR] /D:/projects/paf with commit/Smartspace/backend/src/main/java/com/smartcampus/service/BookingService.java:[74,84] cannot find symbol
  symbol:   method getStartTime()
  location: variable booking of type com.smartcampus.model.Booking
[ERROR] /D:/projects/paf with commit/Smartspace/backend/src/main/java/com/smartcampus/service/BookingService.java:[86,32] cannot find symbol
  symbol:   method getResourceId()
  location: variable booking of type com.smartcampus.model.Booking
[ERROR] /D:/projects/paf with commit/Smartspace/backend/src/main/java/com/smartcampus/service/BookingService.java:[86,57] cannot find symbol
  symbol:   method getStartTime()
  location: variable booking of type com.smartcampus.model.Booking
[INFO] 100 errors 
[INFO] -------------------------------------------------------------
[INFO] ------------------------------------------------------------------------
[INFO] BUILD FAILURE
[INFO] ------------------------------------------------------------------------
[INFO] Total time:  3.261 s
[INFO] Finished at: 2026-04-18T23:35:19+05:30
[INFO] ------------------------------------------------------------------------
[ERROR] Failed to execute goal org.apache.maven.plugins:maven-compiler-plugin:3.11.0:compile (default-compile) on project smart-campus-hub-api: Compilation failure: Compilation failure: 
[ERROR] /D:/projects/paf with commit/Smartspace/backend/src/main/java/com/smartcampus/controller/TicketController.java:[245,31] cannot find symbol
[ERROR]   symbol:   method getUserId()
[ERROR]   location: variable commentDTO of type com.smartcampus.dto.CommentDTO
[ERROR] /D:/projects/paf with commit/Smartspace/backend/src/main/java/com/smartcampus/controller/TicketController.java:[246,31] cannot find symbol
[ERROR]   symbol:   method getUserName()
[ERROR]   location: variable commentDTO of type com.smartcampus.dto.CommentDTO
[ERROR] /D:/projects/paf with commit/Smartspace/backend/src/main/java/com/smartcampus/controller/TicketController.java:[247,31] cannot find symbol
[ERROR]   symbol:   method getUserEmail()
[ERROR]   location: variable commentDTO of type com.smartcampus.dto.CommentDTO
[ERROR] /D:/projects/paf with commit/Smartspace/backend/src/main/java/com/smartcampus/controller/TicketController.java:[248,31] cannot find symbol
[ERROR]   symbol:   method getContent()
[ERROR]   location: variable commentDTO of type com.smartcampus.dto.CommentDTO
[ERROR] /D:/projects/paf with commit/Smartspace/backend/src/main/java/com/smartcampus/controller/TicketController.java:[249,31] cannot find symbol
[ERROR]   symbol:   method getStaffComment()
[ERROR]   location: variable commentDTO of type com.smartcampus.dto.CommentDTO
[ERROR] /D:/projects/paf with commit/Smartspace/backend/src/main/java/com/smartcampus/controller/TicketController.java:[324,23] cannot find symbol
[ERROR]   symbol:   method getAttachmentIds()
[ERROR]   location: variable ticket of type com.smartcampus.model.Ticket
[ERROR] /D:/projects/paf with commit/Smartspace/backend/src/main/java/com/smartcampus/controller/TicketController.java:[324,60] cannot find symbol
[ERROR]   symbol:   method getAttachmentIds()
[ERROR]   location: variable ticket of type com.smartcampus.model.Ticket
[ERROR] /D:/projects/paf with commit/Smartspace/backend/src/main/java/com/smartcampus/controller/TicketController.java:[333,55] cannot find symbol
[ERROR]   symbol:   method getId()
[ERROR]   location: variable attachment of type com.smartcampus.model.TicketAttachment
[ERROR] /D:/projects/paf with commit/Smartspace/backend/src/main/java/com/smartcampus/service/TicketService.java:[87,15] cannot find symbol
[ERROR]   symbol:   method setStatus(com.smartcampus.model.TicketStatus)
[ERROR]   location: variable ticket of type com.smartcampus.model.Ticket
[ERROR] /D:/projects/paf with commit/Smartspace/backend/src/main/java/com/smartcampus/service/TicketService.java:[88,15] cannot find symbol
[ERROR]   symbol:   method setLastResponseAt(java.time.LocalDateTime)
[ERROR]   location: variable ticket of type com.smartcampus.model.Ticket
[ERROR] /D:/projects/paf with commit/Smartspace/backend/src/main/java/com/smartcampus/service/TicketService.java:[98,26] cannot find symbol
[ERROR]   symbol:   method getTitle()
[ERROR]   location: variable ticketDetails of type com.smartcampus.model.Ticket
[ERROR] /D:/projects/paf with commit/Smartspace/backend/src/main/java/com/smartcampus/service/TicketService.java:[98,76] cannot find symbol
[ERROR]   symbol:   method getTitle()
[ERROR]   location: variable ticketDetails of type com.smartcampus.model.Ticket
[ERROR] /D:/projects/paf with commit/Smartspace/backend/src/main/java/com/smartcampus/service/TicketService.java:[99,26] cannot find symbol
[ERROR]   symbol:   method getDescription()
[ERROR]   location: variable ticketDetails of type com.smartcampus.model.Ticket
[ERROR] /D:/projects/paf with commit/Smartspace/backend/src/main/java/com/smartcampus/service/TicketService.java:[99,88] cannot find symbol
[ERROR]   symbol:   method getDescription()
[ERROR]   location: variable ticketDetails of type com.smartcampus.model.Ticket
[ERROR] /D:/projects/paf with commit/Smartspace/backend/src/main/java/com/smartcampus/service/TicketService.java:[100,26] cannot find symbol
[ERROR]   symbol:   method getCategory()
[ERROR]   location: variable ticketDetails of type com.smartcampus.model.Ticket
[ERROR] /D:/projects/paf with commit/Smartspace/backend/src/main/java/com/smartcampus/service/TicketService.java:[100,82] cannot find symbol
[ERROR]   symbol:   method getCategory()
[ERROR]   location: variable ticketDetails of type com.smartcampus.model.Ticket
[ERROR] /D:/projects/paf with commit/Smartspace/backend/src/main/java/com/smartcampus/service/TicketService.java:[101,26] cannot find symbol
[ERROR]   symbol:   method getPriority()
[ERROR]   location: variable ticketDetails of type com.smartcampus.model.Ticket
[ERROR] /D:/projects/paf with commit/Smartspace/backend/src/main/java/com/smartcampus/service/TicketService.java:[101,82] cannot find symbol
[ERROR]   symbol:   method getPriority()
[ERROR]   location: variable ticketDetails of type com.smartcampus.model.Ticket
[ERROR] /D:/projects/paf with commit/Smartspace/backend/src/main/java/com/smartcampus/service/TicketService.java:[102,26] cannot find symbol
[ERROR]   symbol:   method getLocation()
[ERROR]   location: variable ticketDetails of type com.smartcampus.model.Ticket
[ERROR] /D:/projects/paf with commit/Smartspace/backend/src/main/java/com/smartcampus/service/TicketService.java:[102,82] cannot find symbol
[ERROR]   symbol:   method getLocation()
[ERROR]   location: variable ticketDetails of type com.smartcampus.model.Ticket
[ERROR] /D:/projects/paf with commit/Smartspace/backend/src/main/java/com/smartcampus/service/TicketService.java:[113,15] cannot find symbol
[ERROR]   symbol:   method setAssignedTo(java.lang.String)
[ERROR]   location: variable ticket of type com.smartcampus.model.Ticket
[ERROR] /D:/projects/paf with commit/Smartspace/backend/src/main/java/com/smartcampus/service/TicketService.java:[114,15] cannot find symbol
[ERROR]   symbol:   method setStatus(com.smartcampus.model.TicketStatus)
[ERROR]   location: variable ticket of type com.smartcampus.model.Ticket
[ERROR] /D:/projects/paf with commit/Smartspace/backend/src/main/java/com/smartcampus/service/TicketService.java:[115,15] cannot find symbol
[ERROR]   symbol:   method setLastResponseAt(java.time.LocalDateTime)
[ERROR]   location: variable ticket of type com.smartcampus.model.Ticket
[ERROR] /D:/projects/paf with commit/Smartspace/backend/src/main/java/com/smartcampus/service/TicketService.java:[122,23] cannot find symbol
[ERROR]   symbol:   method getCreatedBy()
[ERROR]   location: variable ticket of type com.smartcampus.model.Ticket
[ERROR] /D:/projects/paf with commit/Smartspace/backend/src/main/java/com/smartcampus/service/TicketService.java:[123,23] cannot find symbol
[ERROR]   symbol:   method getId()
[ERROR]   location: variable ticket of type com.smartcampus.model.Ticket
[ERROR] /D:/projects/paf with commit/Smartspace/backend/src/main/java/com/smartcampus/service/TicketService.java:[138,15] cannot find symbol
[ERROR]   symbol:   method setStatus(com.smartcampus.model.TicketStatus)
[ERROR]   location: variable ticket of type com.smartcampus.model.Ticket
[ERROR] /D:/projects/paf with commit/Smartspace/backend/src/main/java/com/smartcampus/service/TicketService.java:[141,19] cannot find symbol
[ERROR]   symbol:   method setResolutionNotes(java.lang.String)
[ERROR]   location: variable ticket of type com.smartcampus.model.Ticket
[ERROR] /D:/projects/paf with commit/Smartspace/backend/src/main/java/com/smartcampus/service/TicketService.java:[142,19] cannot find symbol
[ERROR]   symbol:   method setResolvedDate(java.time.LocalDateTime)
[ERROR]   location: variable ticket of type com.smartcampus.model.Ticket
[ERROR] /D:/projects/paf with commit/Smartspace/backend/src/main/java/com/smartcampus/service/TicketService.java:[145,15] cannot find symbol
[ERROR]   symbol:   method setLastResponseAt(java.time.LocalDateTime)
[ERROR]   location: variable ticket of type com.smartcampus.model.Ticket
[ERROR] /D:/projects/paf with commit/Smartspace/backend/src/main/java/com/smartcampus/service/TicketService.java:[151,23] cannot find symbol
[ERROR]   symbol:   method getCreatedBy()
[ERROR]   location: variable ticket of type com.smartcampus.model.Ticket
[ERROR] /D:/projects/paf with commit/Smartspace/backend/src/main/java/com/smartcampus/service/TicketService.java:[152,23] cannot find symbol
[ERROR]   symbol:   method getId()
[ERROR]   location: variable ticket of type com.smartcampus.model.Ticket
[ERROR] /D:/projects/paf with commit/Smartspace/backend/src/main/java/com/smartcampus/service/TicketService.java:[167,15] cannot find symbol
[ERROR]   symbol:   method setStatus(com.smartcampus.model.TicketStatus)
[ERROR]   location: variable ticket of type com.smartcampus.model.Ticket
[ERROR] /D:/projects/paf with commit/Smartspace/backend/src/main/java/com/smartcampus/service/TicketService.java:[168,15] cannot find symbol
[ERROR]   symbol:   method setRejectionReason(java.lang.String)
[ERROR]   location: variable ticket of type com.smartcampus.model.Ticket
[ERROR] /D:/projects/paf with commit/Smartspace/backend/src/main/java/com/smartcampus/service/TicketService.java:[178,15] cannot find symbol
[ERROR]   symbol:   method setStatus(com.smartcampus.model.TicketStatus)
[ERROR]   location: variable ticket of type com.smartcampus.model.Ticket
[ERROR] /D:/projects/paf with commit/Smartspace/backend/src/main/java/com/smartcampus/service/TicketService.java:[189,46] cannot find symbol
[ERROR]   symbol:   method builder()
[ERROR]   location: class com.smartcampus.model.TicketComment
[ERROR] /D:/projects/paf with commit/Smartspace/backend/src/main/java/com/smartcampus/service/TicketService.java:[202,19] cannot find symbol
[ERROR]   symbol:   method getCommentIds()
[ERROR]   location: variable ticket of type com.smartcampus.model.Ticket
[ERROR] /D:/projects/paf with commit/Smartspace/backend/src/main/java/com/smartcampus/service/TicketService.java:[203,19] cannot find symbol
[ERROR]   symbol:   method setCommentIds(java.util.ArrayList<java.lang.Object>)
[ERROR]   location: variable ticket of type com.smartcampus.model.Ticket
[ERROR] /D:/projects/paf with commit/Smartspace/backend/src/main/java/com/smartcampus/service/TicketService.java:[205,15] cannot find symbol
[ERROR]   symbol:   method getCommentIds()
[ERROR]   location: variable ticket of type com.smartcampus.model.Ticket
[ERROR] /D:/projects/paf with commit/Smartspace/backend/src/main/java/com/smartcampus/service/TicketService.java:[205,48] cannot find symbol
[ERROR]   symbol:   method getId()
[ERROR]   location: variable savedComment of type com.smartcampus.model.TicketComment
[ERROR] /D:/projects/paf with commit/Smartspace/backend/src/main/java/com/smartcampus/service/TicketService.java:[206,15] cannot find symbol
[ERROR]   symbol:   method setLastResponseAt(java.time.LocalDateTime)
[ERROR]   location: variable ticket of type com.smartcampus.model.Ticket
[ERROR] /D:/projects/paf with commit/Smartspace/backend/src/main/java/com/smartcampus/service/TicketService.java:[211,34] cannot find symbol
[ERROR]   symbol:   method getCreatedBy()
[ERROR]   location: variable ticket of type com.smartcampus.model.Ticket
[ERROR] /D:/projects/paf with commit/Smartspace/backend/src/main/java/com/smartcampus/service/TicketService.java:[213,27] cannot find symbol
[ERROR]   symbol:   method getCreatedBy()
[ERROR]   location: variable ticket of type com.smartcampus.model.Ticket
[ERROR] /D:/projects/paf with commit/Smartspace/backend/src/main/java/com/smartcampus/service/TicketService.java:[214,27] cannot find symbol
[ERROR]   symbol:   method getId()
[ERROR]   location: variable ticket of type com.smartcampus.model.Ticket
[ERROR] /D:/projects/paf with commit/Smartspace/backend/src/main/java/com/smartcampus/service/TicketService.java:[238,19] cannot find symbol
[ERROR]   symbol:   method getAttachmentIds()
[ERROR]   location: variable ticket of type com.smartcampus.model.Ticket
[ERROR] /D:/projects/paf with commit/Smartspace/backend/src/main/java/com/smartcampus/service/TicketService.java:[239,19] cannot find symbol
[ERROR]   symbol:   method setAttachmentIds(java.util.ArrayList<java.lang.Object>)
[ERROR]   location: variable ticket of type com.smartcampus.model.Ticket
[ERROR] /D:/projects/paf with commit/Smartspace/backend/src/main/java/com/smartcampus/service/TicketService.java:[241,15] cannot find symbol
[ERROR]   symbol:   method getAttachmentIds()
[ERROR]   location: variable ticket of type com.smartcampus.model.Ticket
[ERROR] /D:/projects/paf with commit/Smartspace/backend/src/main/java/com/smartcampus/service/TicketService.java:[242,15] cannot find symbol
[ERROR]   symbol:   method setLastResponseAt(java.time.LocalDateTime)
[ERROR]   location: variable ticket of type com.smartcampus.model.Ticket
[ERROR] /D:/projects/paf with commit/Smartspace/backend/src/main/java/com/smartcampus/service/TicketService.java:[254,19] cannot find symbol
[ERROR]   symbol:   method getAttachmentIds()
[ERROR]   location: variable ticket of type com.smartcampus.model.Ticket
[ERROR] /D:/projects/paf with commit/Smartspace/backend/src/main/java/com/smartcampus/service/TicketService.java:[255,19] cannot find symbol
[ERROR]   symbol:   method getAttachmentIds()
[ERROR]   location: variable ticket of type com.smartcampus.model.Ticket
[ERROR] /D:/projects/paf with commit/Smartspace/backend/src/main/java/com/smartcampus/service/TicketService.java:[256,19] cannot find symbol
[ERROR]   symbol:   method setLastResponseAt(java.time.LocalDateTime)
[ERROR]   location: variable ticket of type com.smartcampus.model.Ticket
[ERROR] /D:/projects/paf with commit/Smartspace/backend/src/main/java/com/smartcampus/service/FileUploadService.java:[56,5] cannot find symbol
[ERROR]   symbol:   variable log
[ERROR]   location: class com.smartcampus.service.FileUploadService
[ERROR] /D:/projects/paf with commit/Smartspace/backend/src/main/java/com/smartcampus/service/FileUploadService.java:[60,15] cannot find symbol
[ERROR]   symbol:   method setTicketId(java.lang.String)
[ERROR]   location: variable attachment of type com.smartcampus.model.TicketAttachment
[ERROR] /D:/projects/paf with commit/Smartspace/backend/src/main/java/com/smartcampus/service/FileUploadService.java:[61,15] cannot find symbol
[ERROR]   symbol:   method setFileName(java.lang.String)
[ERROR]   location: variable attachment of type com.smartcampus.model.TicketAttachment
[ERROR] /D:/projects/paf with commit/Smartspace/backend/src/main/java/com/smartcampus/service/FileUploadService.java:[62,15] cannot find symbol
[ERROR]   symbol:   method setFileUrl(java.lang.String)
[ERROR]   location: variable attachment of type com.smartcampus.model.TicketAttachment
[ERROR] /D:/projects/paf with commit/Smartspace/backend/src/main/java/com/smartcampus/service/FileUploadService.java:[63,15] cannot find symbol
[ERROR]   symbol:   method setFileType(java.lang.String)
[ERROR]   location: variable attachment of type com.smartcampus.model.TicketAttachment
[ERROR] /D:/projects/paf with commit/Smartspace/backend/src/main/java/com/smartcampus/service/FileUploadService.java:[64,15] cannot find symbol
[ERROR]   symbol:   method setFileSize(long)
[ERROR]   location: variable attachment of type com.smartcampus.model.TicketAttachment
[ERROR] /D:/projects/paf with commit/Smartspace/backend/src/main/java/com/smartcampus/service/FileUploadService.java:[65,15] cannot find symbol
[ERROR]   symbol:   method setUploadedBy(java.lang.String)
[ERROR]   location: variable attachment of type com.smartcampus.model.TicketAttachment
[ERROR] /D:/projects/paf with commit/Smartspace/backend/src/main/java/com/smartcampus/service/FileUploadService.java:[66,15] cannot find symbol
[ERROR]   symbol:   method setCreatedAt(java.time.LocalDateTime)
[ERROR]   location: variable attachment of type com.smartcampus.model.TicketAttachment
[ERROR] /D:/projects/paf with commit/Smartspace/backend/src/main/java/com/smartcampus/service/FileUploadService.java:[79,67] cannot find symbol
[ERROR]   symbol:   method getFileUrl()
[ERROR]   location: variable attachment of type com.smartcampus.model.TicketAttachment
[ERROR] /D:/projects/paf with commit/Smartspace/backend/src/main/java/com/smartcampus/service/FileUploadService.java:[79,33] cannot find symbol
[ERROR]   symbol:   method getFileUrl()
[ERROR]   location: variable attachment of type com.smartcampus.model.TicketAttachment
[ERROR] /D:/projects/paf with commit/Smartspace/backend/src/main/java/com/smartcampus/service/FileUploadService.java:[85,7] cannot find symbol
[ERROR]   symbol:   variable log
[ERROR]   location: class com.smartcampus.service.FileUploadService
[ERROR] /D:/projects/paf with commit/Smartspace/backend/src/main/java/com/smartcampus/service/NotificationService.java:[45,49] cannot find symbol
[ERROR]   symbol:   method builder()
[ERROR]   location: class com.smartcampus.model.Notification
[ERROR] /D:/projects/paf with commit/Smartspace/backend/src/main/java/com/smartcampus/service/NotificationService.java:[64,21] cannot find symbol
[ERROR]   symbol:   method setIsRead(boolean)
[ERROR]   location: variable notification of type com.smartcampus.model.Notification
[ERROR] /D:/projects/paf with commit/Smartspace/backend/src/main/java/com/smartcampus/service/NotificationService.java:[65,21] cannot find symbol
[ERROR]   symbol:   method setReadAt(java.time.LocalDateTime)
[ERROR]   location: variable notification of type com.smartcampus.model.Notification
[ERROR] /D:/projects/paf with commit/Smartspace/backend/src/main/java/com/smartcampus/service/NotificationService.java:[75,25] cannot find symbol
[ERROR]   symbol:   method setIsRead(boolean)
[ERROR]   location: variable notification of type com.smartcampus.model.Notification
[ERROR] /D:/projects/paf with commit/Smartspace/backend/src/main/java/com/smartcampus/service/NotificationService.java:[76,25] cannot find symbol
[ERROR]   symbol:   method setReadAt(java.time.LocalDateTime)
[ERROR]   location: variable notification of type com.smartcampus.model.Notification
[ERROR] /D:/projects/paf with commit/Smartspace/backend/src/main/java/com/smartcampus/controller/AuthController.java:[48,41] cannot find symbol
[ERROR]   symbol:   method getEmail()
[ERROR]   location: variable loginRequest of type com.smartcampus.dto.LoginRequest
[ERROR] /D:/projects/paf with commit/Smartspace/backend/src/main/java/com/smartcampus/controller/AuthController.java:[49,41] cannot find symbol
[ERROR]   symbol:   method getPassword()
[ERROR]   location: variable loginRequest of type com.smartcampus.dto.LoginRequest
[ERROR] /D:/projects/paf with commit/Smartspace/backend/src/main/java/com/smartcampus/controller/AuthController.java:[53,71] cannot find symbol
[ERROR]   symbol:   method getEmail()
[ERROR]   location: variable loginRequest of type com.smartcampus.dto.LoginRequest
[ERROR] /D:/projects/paf with commit/Smartspace/backend/src/main/java/com/smartcampus/controller/AuthController.java:[60,42] constructor LoginResponse in class com.smartcampus.dto.LoginResponse cannot be applied to given types;
[ERROR]   required: no arguments
[ERROR]   found:    java.lang.String,java.lang.String,java.lang.String
[ERROR]   reason: actual and formal argument lists differ in length
[ERROR] /D:/projects/paf with commit/Smartspace/backend/src/main/java/com/smartcampus/controller/AuthController.java:[83,42] constructor LoginResponse in class com.smartcampus.dto.LoginResponse cannot be applied to given types;
[ERROR]   required: no arguments
[ERROR]   found:    java.lang.String,java.lang.String,java.lang.String
[ERROR]   reason: actual and formal argument lists differ in length
[ERROR] /D:/projects/paf with commit/Smartspace/backend/src/main/java/com/smartcampus/controller/AuthController.java:[147,42] constructor LoginResponse in class com.smartcampus.dto.LoginResponse cannot be applied to given types;
[ERROR]   required: no arguments
[ERROR]   found:    java.lang.String,java.lang.String,java.lang.String
[ERROR]   reason: actual and formal argument lists differ in length
[ERROR] /D:/projects/paf with commit/Smartspace/backend/src/main/java/com/smartcampus/service/ResourceService.java:[68,21] cannot find symbol
[ERROR]   symbol:   method getStatus()
[ERROR]   location: variable resource of type com.smartcampus.model.Resource
[ERROR] /D:/projects/paf with commit/Smartspace/backend/src/main/java/com/smartcampus/service/ResourceService.java:[69,21] cannot find symbol
[ERROR]   symbol:   method setStatus(com.smartcampus.model.ResourceStatus)
[ERROR]   location: variable resource of type com.smartcampus.model.Resource
[ERROR] /D:/projects/paf with commit/Smartspace/backend/src/main/java/com/smartcampus/service/ResourceService.java:[80,28] cannot find symbol
[ERROR]   symbol:   method getName()
[ERROR]   location: variable resourceDetails of type com.smartcampus.model.Resource
[ERROR] /D:/projects/paf with commit/Smartspace/backend/src/main/java/com/smartcampus/service/ResourceService.java:[80,80] cannot find symbol
[ERROR]   symbol:   method getName()
[ERROR]   location: variable resourceDetails of type com.smartcampus.model.Resource
[ERROR] /D:/projects/paf with commit/Smartspace/backend/src/main/java/com/smartcampus/service/ResourceService.java:[81,28] cannot find symbol
[ERROR]   symbol:   method getDescription()
[ERROR]   location: variable resourceDetails of type com.smartcampus.model.Resource
[ERROR] /D:/projects/paf with commit/Smartspace/backend/src/main/java/com/smartcampus/service/ResourceService.java:[81,94] cannot find symbol
[ERROR]   symbol:   method getDescription()
[ERROR]   location: variable resourceDetails of type com.smartcampus.model.Resource
[ERROR] /D:/projects/paf with commit/Smartspace/backend/src/main/java/com/smartcampus/service/ResourceService.java:[82,28] cannot find symbol
[ERROR]   symbol:   method getType()
[ERROR]   location: variable resourceDetails of type com.smartcampus.model.Resource
[ERROR] /D:/projects/paf with commit/Smartspace/backend/src/main/java/com/smartcampus/service/ResourceService.java:[82,80] cannot find symbol
[ERROR]   symbol:   method getType()
[ERROR]   location: variable resourceDetails of type com.smartcampus.model.Resource
[ERROR] /D:/projects/paf with commit/Smartspace/backend/src/main/java/com/smartcampus/service/ResourceService.java:[83,28] cannot find symbol
[ERROR]   symbol:   method getCapacity()
[ERROR]   location: variable resourceDetails of type com.smartcampus.model.Resource
[ERROR] /D:/projects/paf with commit/Smartspace/backend/src/main/java/com/smartcampus/service/ResourceService.java:[83,84] cannot find symbol
[ERROR]   symbol:   method getCapacity()
[ERROR]   location: variable resourceDetails of type com.smartcampus.model.Resource
[ERROR] /D:/projects/paf with commit/Smartspace/backend/src/main/java/com/smartcampus/service/ResourceService.java:[84,28] cannot find symbol
[ERROR]   symbol:   method getLocation()
[ERROR]   location: variable resourceDetails of type com.smartcampus.model.Resource
[ERROR] /D:/projects/paf with commit/Smartspace/backend/src/main/java/com/smartcampus/service/ResourceService.java:[84,88] cannot find symbol
[ERROR]   symbol:   method getLocation()
[ERROR]   location: variable resourceDetails of type com.smartcampus.model.Resource
[ERROR] /D:/projects/paf with commit/Smartspace/backend/src/main/java/com/smartcampus/service/ResourceService.java:[85,28] cannot find symbol
[ERROR]   symbol:   method getStatus()
[ERROR]   location: variable resourceDetails of type com.smartcampus.model.Resource
[ERROR] /D:/projects/paf with commit/Smartspace/backend/src/main/java/com/smartcampus/service/ResourceService.java:[85,84] cannot find symbol
[ERROR]   symbol:   method getStatus()
[ERROR]   location: variable resourceDetails of type com.smartcampus.model.Resource
[ERROR] /D:/projects/paf with commit/Smartspace/backend/src/main/java/com/smartcampus/service/ResourceService.java:[86,28] cannot find symbol
[ERROR]   symbol:   method getImageUrl()
[ERROR]   location: variable resourceDetails of type com.smartcampus.model.Resource
[ERROR] /D:/projects/paf with commit/Smartspace/backend/src/main/java/com/smartcampus/service/ResourceService.java:[86,88] cannot find symbol
[ERROR]   symbol:   method getImageUrl()
[ERROR]   location: variable resourceDetails of type com.smartcampus.model.Resource
[ERROR] /D:/projects/paf with commit/Smartspace/backend/src/main/java/com/smartcampus/service/ResourceService.java:[87,28] cannot find symbol
[ERROR]   symbol:   method getContactPerson()
[ERROR]   location: variable resourceDetails of type com.smartcampus.model.Resource
[ERROR] /D:/projects/paf with commit/Smartspace/backend/src/main/java/com/smartcampus/service/ResourceService.java:[87,98] cannot find symbol
[ERROR]   symbol:   method getContactPerson()
[ERROR]   location: variable resourceDetails of type com.smartcampus.model.Resource
[ERROR] /D:/projects/paf with commit/Smartspace/backend/src/main/java/com/smartcampus/service/ResourceService.java:[88,28] cannot find symbol
[ERROR]   symbol:   method getPhoneNumber()
[ERROR]   location: variable resourceDetails of type com.smartcampus.model.Resource
[ERROR] /D:/projects/paf with commit/Smartspace/backend/src/main/java/com/smartcampus/service/ResourceService.java:[88,94] cannot find symbol
[ERROR]   symbol:   method getPhoneNumber()
[ERROR]   location: variable resourceDetails of type com.smartcampus.model.Resource
[ERROR] /D:/projects/paf with commit/Smartspace/backend/src/main/java/com/smartcampus/service/ResourceService.java:[89,28] cannot find symbol
[ERROR]   symbol:   method getEmail()
[ERROR]   location: variable resourceDetails of type com.smartcampus.model.Resource
[ERROR] /D:/projects/paf with commit/Smartspace/backend/src/main/java/com/smartcampus/service/ResourceService.java:[89,82] cannot find symbol
[ERROR]   symbol:   method getEmail()
[ERROR]   location: variable resourceDetails of type com.smartcampus.model.Resource
[ERROR] /D:/projects/paf with commit/Smartspace/backend/src/main/java/com/smartcampus/service/ResourceService.java:[110,17] cannot find symbol
[ERROR]   symbol:   method setStatus(com.smartcampus.model.ResourceStatus)
[ERROR]   location: variable resource of type com.smartcampus.model.Resource
[ERROR] /D:/projects/paf with commit/Smartspace/backend/src/main/java/com/smartcampus/service/BookingService.java:[70,52] cannot find symbol
[ERROR]   symbol:   method getId()
[ERROR]   location: variable booking of type com.smartcampus.model.Booking
[ERROR] /D:/projects/paf with commit/Smartspace/backend/src/main/java/com/smartcampus/service/BookingService.java:[74,43] cannot find symbol
[ERROR]   symbol:   method getEndTime()
[ERROR]   location: variable booking of type com.smartcampus.model.Booking
[ERROR] /D:/projects/paf with commit/Smartspace/backend/src/main/java/com/smartcampus/service/BookingService.java:[74,84] cannot find symbol
[ERROR]   symbol:   method getStartTime()
[ERROR]   location: variable booking of type com.smartcampus.model.Booking
[ERROR] /D:/projects/paf with commit/Smartspace/backend/src/main/java/com/smartcampus/service/BookingService.java:[86,32] cannot find symbol
[ERROR]   symbol:   method getResourceId()
[ERROR]   location: variable booking of type com.smartcampus.model.Booking
[ERROR] /D:/projects/paf with commit/Smartspace/backend/src/main/java/com/smartcampus/service/BookingService.java:[86,57] cannot find symbol
[ERROR]   symbol:   method getStartTime()
[ERROR]   location: variable booking of type com.smartcampus.model.Booking
[ERROR] -> [Help 1]
[ERROR] 
[ERROR] To see the full stack trace of the errors, re-run Maven with the -e switch.
[ERROR] Re-run Maven using the -X switch to enable full debug logging.
[ERROR] 
[ERROR] For more information about the errors and possible solutions, please read the following articles:
[ERROR] [Help 1] http://cwiki.apache.org/confluence/display/MAVEN/MojoFailureException
